// Jest Snapshot v1, https://goo.gl/fbAQLP

exports[`TosCheck with props render default 1`] = `ShallowWrapper {}`;
